Training dense model...
  Step 500: loss=0.4760
  Step 1000: loss=0.4610
  Step 1500: loss=0.4640
  Step 2000: loss=0.4543
  Step 2500: loss=0.4567
  Step 3000: loss=0.4582
  Step 3500: loss=0.4626
  Step 4000: loss=0.4659
  Step 4500: loss=0.4599
  Step 5000: loss=0.4549
  Step 5500: loss=0.4568
  Step 6000: loss=0.4564
  Step 6500: loss=0.4502
  Step 7000: loss=0.4573
  Step 7500: loss=0.4567
  Step 8000: loss=0.4630
  Step 8500: loss=0.4550
  Step 9000: loss=0.4558
  Step 9500: loss=0.4540
  Step 10000: loss=0.4558
  Step 10500: loss=0.4575
  Step 11000: loss=0.4467
  Step 11500: loss=0.4527
  Step 12000: loss=0.4531
  Step 12500: loss=0.4490
  Step 13000: loss=0.4606
  Step 13500: loss=0.4588
  Step 14000: loss=0.4517
  Step 14500: loss=0.4599
  Step 15000: loss=0.4539
Training sparse model (q=0.2)...
  Step 500: loss=0.4675, sparsity=0.053
  Step 1000: loss=0.4591, sparsity=0.107
  Step 1500: loss=0.4620, sparsity=0.160
  Step 2000: loss=0.4552, sparsity=0.213
  Step 2500: loss=0.4567, sparsity=0.267
  Step 3000: loss=0.4581, sparsity=0.320
  Step 3500: loss=0.4626, sparsity=0.373
  Step 4000: loss=0.4800, sparsity=0.427
  Step 4500: loss=0.4548, sparsity=0.480
  Step 5000: loss=0.4546, sparsity=0.533
  Step 5500: loss=0.4571, sparsity=0.587
  Step 6000: loss=0.4563, sparsity=0.640
  Step 6500: loss=0.4507, sparsity=0.693
  Step 7000: loss=0.4550, sparsity=0.747
  Step 7500: loss=0.4575, sparsity=0.800
  Step 8000: loss=0.4634, sparsity=0.800
  Step 8500: loss=0.4545, sparsity=0.800
  Step 9000: loss=0.4559, sparsity=0.800
  Step 9500: loss=0.4545, sparsity=0.800
  Step 10000: loss=0.4544, sparsity=0.800
  Step 10500: loss=0.4569, sparsity=0.800
  Step 11000: loss=0.4468, sparsity=0.800
  Step 11500: loss=0.4516, sparsity=0.800
  Step 12000: loss=0.4530, sparsity=0.800
  Step 12500: loss=0.4501, sparsity=0.800
  Step 13000: loss=0.4595, sparsity=0.800
  Step 13500: loss=0.4606, sparsity=0.800
  Step 14000: loss=0.4538, sparsity=0.800
  Step 14500: loss=0.4577, sparsity=0.800
  Step 15000: loss=0.4540, sparsity=0.800
Training sparse model (q=0.1)...
  Step 500: loss=0.4745, sparsity=0.060
  Step 1000: loss=0.4602, sparsity=0.120
  Step 1500: loss=0.4632, sparsity=0.180
  Step 2000: loss=0.4554, sparsity=0.240
  Step 2500: loss=0.4566, sparsity=0.300
  Step 3000: loss=0.4576, sparsity=0.360
  Step 3500: loss=0.4740, sparsity=0.420
  Step 4000: loss=0.4552, sparsity=0.480
  Step 4500: loss=0.4548, sparsity=0.540
  Step 5000: loss=0.4549, sparsity=0.600
  Step 5500: loss=0.4566, sparsity=0.660
  Step 6000: loss=0.4571, sparsity=0.720
  Step 6500: loss=0.4513, sparsity=0.780
  Step 7000: loss=0.4731, sparsity=0.840
  Step 7500: loss=0.4583, sparsity=0.900
  Step 8000: loss=0.4637, sparsity=0.900
  Step 8500: loss=0.4553, sparsity=0.900
  Step 9000: loss=0.4554, sparsity=0.900
  Step 9500: loss=0.4546, sparsity=0.900
  Step 10000: loss=0.4555, sparsity=0.900
  Step 10500: loss=0.4572, sparsity=0.900
  Step 11000: loss=0.4468, sparsity=0.900
  Step 11500: loss=0.4527, sparsity=0.900
  Step 12000: loss=0.4536, sparsity=0.900
  Step 12500: loss=0.4518, sparsity=0.900
  Step 13000: loss=0.4622, sparsity=0.900
  Step 13500: loss=0.4628, sparsity=0.900
  Step 14000: loss=0.4558, sparsity=0.900
  Step 14500: loss=0.4614, sparsity=0.900
  Step 15000: loss=0.4564, sparsity=0.900
Training sparse model (q=0.05)...
  Step 500: loss=0.4683, sparsity=0.063
  Step 1000: loss=0.4609, sparsity=0.127
  Step 1500: loss=0.4623, sparsity=0.190
  Step 2000: loss=0.4577, sparsity=0.253
  Step 2500: loss=0.4569, sparsity=0.317
  Step 3000: loss=0.4584, sparsity=0.380
  Step 3500: loss=0.4628, sparsity=0.443
  Step 4000: loss=0.4561, sparsity=0.507
  Step 4500: loss=0.4551, sparsity=0.570
  Step 5000: loss=0.4549, sparsity=0.633
  Step 5500: loss=0.4567, sparsity=0.697
  Step 6000: loss=0.4571, sparsity=0.760
  Step 6500: loss=0.4520, sparsity=0.823
  Step 7000: loss=0.4577, sparsity=0.887
  Step 7500: loss=0.4661, sparsity=0.950
  Step 8000: loss=0.4635, sparsity=0.950
  Step 8500: loss=0.4555, sparsity=0.950
  Step 9000: loss=0.4556, sparsity=0.950
  Step 9500: loss=0.4548, sparsity=0.950
  Step 10000: loss=0.4553, sparsity=0.950
  Step 10500: loss=0.4572, sparsity=0.950
  Step 11000: loss=0.4475, sparsity=0.950
  Step 11500: loss=0.4518, sparsity=0.950
  Step 12000: loss=0.4539, sparsity=0.950
  Step 12500: loss=0.4513, sparsity=0.950
  Step 13000: loss=0.4618, sparsity=0.950
  Step 13500: loss=0.4629, sparsity=0.950
  Step 14000: loss=0.4560, sparsity=0.950
  Step 14500: loss=0.4615, sparsity=0.950
  Step 15000: loss=0.4563, sparsity=0.950
Extracting circuit for dense model...
Extracting circuit for sparse model (q=0.2)...
Extracting circuit for sparse model (q=0.1)...
Extracting circuit for sparse model (q=0.05)...
Training dense model...
  Step 500: loss=0.4655
  Step 1000: loss=0.4551
  Step 1500: loss=0.4566
  Step 2000: loss=0.4546
  Step 2500: loss=0.4597
  Step 3000: loss=0.4526
  Step 3500: loss=0.4608
  Step 4000: loss=0.4610
  Step 4500: loss=0.4630
  Step 5000: loss=0.4650
  Step 5500: loss=0.4682
  Step 6000: loss=0.4563
  Step 6500: loss=0.4607
  Step 7000: loss=0.4577
  Step 7500: loss=0.4566
  Step 8000: loss=0.4500
  Step 8500: loss=0.4580
  Step 9000: loss=0.4619
  Step 9500: loss=0.4537
  Step 10000: loss=0.4550
  Step 10500: loss=0.4503
  Step 11000: loss=0.4561
  Step 11500: loss=0.4588
  Step 12000: loss=0.4578
  Step 12500: loss=0.4504
  Step 13000: loss=0.4485
  Step 13500: loss=0.4512
  Step 14000: loss=0.4430
  Step 14500: loss=0.4444
  Step 15000: loss=0.4425
Training sparse model (q=0.2)...
  Step 500: loss=0.4677, sparsity=0.053
  Step 1000: loss=0.4530, sparsity=0.107
  Step 1500: loss=0.4563, sparsity=0.160
  Step 2000: loss=0.4548, sparsity=0.213
  Step 2500: loss=0.4594, sparsity=0.267
  Step 3000: loss=0.4915, sparsity=0.320
  Step 3500: loss=0.4609, sparsity=0.373
  Step 4000: loss=0.4605, sparsity=0.427
  Step 4500: loss=0.4628, sparsity=0.480
  Step 5000: loss=0.4718, sparsity=0.533
  Step 5500: loss=0.4684, sparsity=0.587
  Step 6000: loss=0.4567, sparsity=0.640
  Step 6500: loss=0.4615, sparsity=0.693
  Step 7000: loss=0.4584, sparsity=0.747
  Step 7500: loss=0.4592, sparsity=0.800
  Step 8000: loss=0.4512, sparsity=0.800
  Step 8500: loss=0.4552, sparsity=0.800
  Step 9000: loss=0.4611, sparsity=0.800
  Step 9500: loss=0.4551, sparsity=0.800
  Step 10000: loss=0.4556, sparsity=0.800
  Step 10500: loss=0.4509, sparsity=0.800
  Step 11000: loss=0.4574, sparsity=0.800
  Step 11500: loss=0.4616, sparsity=0.800
  Step 12000: loss=0.4611, sparsity=0.800
  Step 12500: loss=0.4485, sparsity=0.800
  Step 13000: loss=0.4532, sparsity=0.800
  Step 13500: loss=0.4567, sparsity=0.800
  Step 14000: loss=0.4534, sparsity=0.800
  Step 14500: loss=0.4533, sparsity=0.800
  Step 15000: loss=0.4557, sparsity=0.800
Training sparse model (q=0.1)...
  Step 500: loss=0.4707, sparsity=0.060
  Step 1000: loss=0.4556, sparsity=0.120
  Step 1500: loss=0.4582, sparsity=0.180
  Step 2000: loss=0.4602, sparsity=0.240
  Step 2500: loss=0.4603, sparsity=0.300
  Step 3000: loss=0.4522, sparsity=0.360
  Step 3500: loss=0.4610, sparsity=0.420
  Step 4000: loss=0.4604, sparsity=0.480
  Step 4500: loss=0.4635, sparsity=0.540
  Step 5000: loss=0.4680, sparsity=0.600
  Step 5500: loss=0.4703, sparsity=0.660
  Step 6000: loss=0.4569, sparsity=0.720
  Step 6500: loss=0.4652, sparsity=0.780
  Step 7000: loss=0.4621, sparsity=0.840
  Step 7500: loss=0.4597, sparsity=0.900
  Step 8000: loss=0.4511, sparsity=0.900
  Step 8500: loss=0.4558, sparsity=0.900
  Step 9000: loss=0.4619, sparsity=0.900
  Step 9500: loss=0.4553, sparsity=0.900
  Step 10000: loss=0.4564, sparsity=0.900
  Step 10500: loss=0.4518, sparsity=0.900
  Step 11000: loss=0.4591, sparsity=0.900
  Step 11500: loss=0.4620, sparsity=0.900
  Step 12000: loss=0.4628, sparsity=0.900
  Step 12500: loss=0.4506, sparsity=0.900
  Step 13000: loss=0.4552, sparsity=0.900
  Step 13500: loss=0.4578, sparsity=0.900
  Step 14000: loss=0.4555, sparsity=0.900
  Step 14500: loss=0.4551, sparsity=0.900
  Step 15000: loss=0.4583, sparsity=0.900
Training sparse model (q=0.05)...
  Step 500: loss=0.4654, sparsity=0.063
  Step 1000: loss=0.4650, sparsity=0.127
  Step 1500: loss=0.4581, sparsity=0.190
  Step 2000: loss=0.4550, sparsity=0.253
  Step 2500: loss=0.4596, sparsity=0.317
  Step 3000: loss=0.4534, sparsity=0.380
  Step 3500: loss=0.4631, sparsity=0.443
  Step 4000: loss=0.4605, sparsity=0.507
  Step 4500: loss=0.4631, sparsity=0.570
  Step 5000: loss=0.4658, sparsity=0.633
  Step 5500: loss=0.4694, sparsity=0.697
  Step 6000: loss=0.4638, sparsity=0.760
  Step 6500: loss=0.4631, sparsity=0.823
  Step 7000: loss=0.4634, sparsity=0.887
  Step 7500: loss=0.4644, sparsity=0.950
  Step 8000: loss=0.4509, sparsity=0.950
  Step 8500: loss=0.4559, sparsity=0.950
  Step 9000: loss=0.4621, sparsity=0.950
  Step 9500: loss=0.4558, sparsity=0.950
  Step 10000: loss=0.4565, sparsity=0.950
  Step 10500: loss=0.4513, sparsity=0.950
  Step 11000: loss=0.4588, sparsity=0.950
  Step 11500: loss=0.4629, sparsity=0.950
  Step 12000: loss=0.4632, sparsity=0.950
  Step 12500: loss=0.4507, sparsity=0.950
  Step 13000: loss=0.4551, sparsity=0.950
  Step 13500: loss=0.4586, sparsity=0.950
  Step 14000: loss=0.4554, sparsity=0.950
  Step 14500: loss=0.4567, sparsity=0.950
  Step 15000: loss=0.4594, sparsity=0.950
Extracting circuit for dense model...
Extracting circuit for sparse model (q=0.2)...
Extracting circuit for sparse model (q=0.1)...
Extracting circuit for sparse model (q=0.05)...
{
  "hypothesis": "H5",
  "config": "configs/e5_sparsity.yaml",
  "seeds": [
    1,
    2
  ],
  "metric": "circuit_weight_ratio",
  "metric_mean": 0.20860703245749615,
  "metric_std": 0.0,
  "n_supporting": 2,
  "n_seeds": 2,
  "runs": [
    {
      "seed": 1,
      "supports": true,
      "circuit_weight_ratio": 0.20860703245749615
    },
    {
      "seed": 2,
      "supports": true,
      "circuit_weight_ratio": 0.20860703245749615
    }
  ],
  "replicates": true
}
